Archive member included to satisfy reference by file (symbol)

C:/ST/STM32CubeIDE_1.19.0/STM32CubeIDE/plugins/com.st.stm32cube.ide.mcu.externaltools.gnu-tools-for-stm32.13.3.rel1.win32_1.0.0.202411081344/tools/bin/../lib/gcc/arm-none-eabi/13.3.1/../../../../arm-none-eabi/lib/thumb/v7e-m+fp/hard\libc_nano.a(libc_a-exit.o)
                              C:/ST/STM32CubeIDE_1.19.0/STM32CubeIDE/plugins/com.st.stm32cube.ide.mcu.externaltools.gnu-tools-for-stm32.13.3.rel1.win32_1.0.0.202411081344/tools/bin/../lib/gcc/arm-none-eabi/13.3.1/../../../../arm-none-eabi/lib/thumb/v7e-m+fp/hard/crt0.o (exit)
C:/ST/STM32CubeIDE_1.19.0/STM32CubeIDE/plugins/com.st.stm32cube.ide.mcu.externaltools.gnu-tools-for-stm32.13.3.rel1.win32_1.0.0.202411081344/tools/bin/../lib/gcc/arm-none-eabi/13.3.1/../../../../arm-none-eabi/lib/thumb/v7e-m+fp/hard\libc_nano.a(libc_a-findfp.o)
                              C:/ST/STM32CubeIDE_1.19.0/STM32CubeIDE/plugins/com.st.stm32cube.ide.mcu.externaltools.gnu-tools-for-stm32.13.3.rel1.win32_1.0.0.202411081344/tools/bin/../lib/gcc/arm-none-eabi/13.3.1/../../../../arm-none-eabi/lib/thumb/v7e-m+fp/hard\libc_nano.a(libc_a-exit.o) (__stdio_exit_handler)
C:/ST/STM32CubeIDE_1.19.0/STM32CubeIDE/plugins/com.st.stm32cube.ide.mcu.externaltools.gnu-tools-for-stm32.13.3.rel1.win32_1.0.0.202411081344/tools/bin/../lib/gcc/arm-none-eabi/13.3.1/../../../../arm-none-eabi/lib/thumb/v7e-m+fp/hard\libc_nano.a(libc_a-fwalk.o)
                              C:/ST/STM32CubeIDE_1.19.0/STM32CubeIDE/plugins/com.st.stm32cube.ide.mcu.externaltools.gnu-tools-for-stm32.13.3.rel1.win32_1.0.0.202411081344/tools/bin/../lib/gcc/arm-none-eabi/13.3.1/../../../../arm-none-eabi/lib/thumb/v7e-m+fp/hard\libc_nano.a(libc_a-findfp.o) (_fwalk_sglue)
C:/ST/STM32CubeIDE_1.19.0/STM32CubeIDE/plugins/com.st.stm32cube.ide.mcu.externaltools.gnu-tools-for-stm32.13.3.rel1.win32_1.0.0.202411081344/tools/bin/../lib/gcc/arm-none-eabi/13.3.1/../../../../arm-none-eabi/lib/thumb/v7e-m+fp/hard\libc_nano.a(libc_a-stdio.o)
                              C:/ST/STM32CubeIDE_1.19.0/STM32CubeIDE/plugins/com.st.stm32cube.ide.mcu.externaltools.gnu-tools-for-stm32.13.3.rel1.win32_1.0.0.202411081344/tools/bin/../lib/gcc/arm-none-eabi/13.3.1/../../../../arm-none-eabi/lib/thumb/v7e-m+fp/hard\libc_nano.a(libc_a-findfp.o) (__sread)
C:/ST/STM32CubeIDE_1.19.0/STM32CubeIDE/plugins/com.st.stm32cube.ide.mcu.externaltools.gnu-tools-for-stm32.13.3.rel1.win32_1.0.0.202411081344/tools/bin/../lib/gcc/arm-none-eabi/13.3.1/../../../../arm-none-eabi/lib/thumb/v7e-m+fp/hard\libc_nano.a(libc_a-memset.o)
                              C:/ST/STM32CubeIDE_1.19.0/STM32CubeIDE/plugins/com.st.stm32cube.ide.mcu.externaltools.gnu-tools-for-stm32.13.3.rel1.win32_1.0.0.202411081344/tools/bin/../lib/gcc/arm-none-eabi/13.3.1/../../../../arm-none-eabi/lib/thumb/v7e-m+fp/hard/crt0.o (memset)
C:/ST/STM32CubeIDE_1.19.0/STM32CubeIDE/plugins/com.st.stm32cube.ide.mcu.externaltools.gnu-tools-for-stm32.13.3.rel1.win32_1.0.0.202411081344/tools/bin/../lib/gcc/arm-none-eabi/13.3.1/../../../../arm-none-eabi/lib/thumb/v7e-m+fp/hard\libc_nano.a(libc_a-closer.o)
                              C:/ST/STM32CubeIDE_1.19.0/STM32CubeIDE/plugins/com.st.stm32cube.ide.mcu.externaltools.gnu-tools-for-stm32.13.3.rel1.win32_1.0.0.202411081344/tools/bin/../lib/gcc/arm-none-eabi/13.3.1/../../../../arm-none-eabi/lib/thumb/v7e-m+fp/hard\libc_nano.a(libc_a-stdio.o) (_close_r)
C:/ST/STM32CubeIDE_1.19.0/STM32CubeIDE/plugins/com.st.stm32cube.ide.mcu.externaltools.gnu-tools-for-stm32.13.3.rel1.win32_1.0.0.202411081344/tools/bin/../lib/gcc/arm-none-eabi/13.3.1/../../../../arm-none-eabi/lib/thumb/v7e-m+fp/hard\libc_nano.a(libc_a-reent.o)
                              C:/ST/STM32CubeIDE_1.19.0/STM32CubeIDE/plugins/com.st.stm32cube.ide.mcu.externaltools.gnu-tools-for-stm32.13.3.rel1.win32_1.0.0.202411081344/tools/bin/../lib/gcc/arm-none-eabi/13.3.1/../../../../arm-none-eabi/lib/thumb/v7e-m+fp/hard\libc_nano.a(libc_a-closer.o) (errno)
C:/ST/STM32CubeIDE_1.19.0/STM32CubeIDE/plugins/com.st.stm32cube.ide.mcu.externaltools.gnu-tools-for-stm32.13.3.rel1.win32_1.0.0.202411081344/tools/bin/../lib/gcc/arm-none-eabi/13.3.1/../../../../arm-none-eabi/lib/thumb/v7e-m+fp/hard\libc_nano.a(libc_a-impure.o)
                              C:/ST/STM32CubeIDE_1.19.0/STM32CubeIDE/plugins/com.st.stm32cube.ide.mcu.externaltools.gnu-tools-for-stm32.13.3.rel1.win32_1.0.0.202411081344/tools/bin/../lib/gcc/arm-none-eabi/13.3.1/../../../../arm-none-eabi/lib/thumb/v7e-m+fp/hard\libc_nano.a(libc_a-reent.o) (_impure_ptr)
C:/ST/STM32CubeIDE_1.19.0/STM32CubeIDE/plugins/com.st.stm32cube.ide.mcu.externaltools.gnu-tools-for-stm32.13.3.rel1.win32_1.0.0.202411081344/tools/bin/../lib/gcc/arm-none-eabi/13.3.1/../../../../arm-none-eabi/lib/thumb/v7e-m+fp/hard\libc_nano.a(libc_a-lseekr.o)
[...]
Memory Configuration

Name             Origin             Length             Attributes
CCMRAM           0x10000000         0x00010000         xrw
RAM              0x20000000         0x00020000         xrw
FLASH            0x08000000         0x00004000         xr
*default*        0x00000000         0xffffffff

Linker script and memory map

LOAD C:/ST/STM32CubeIDE_1.19.0/STM32CubeIDE/plugins/com.st.stm32cube.ide.mcu.externaltools.gnu-tools-for-stm32.13.3.rel1.win32_1.0.0.202411081344/tools/bin/../lib/gcc/arm-none-eabi/13.3.1/thumb/v7e-m+fp/hard/crti.o
LOAD C:/ST/STM32CubeIDE_1.19.0/STM32CubeIDE/plugins/com.st.stm32cube.ide.mcu.externaltools.gnu-tools-for-stm32.13.3.rel1.win32_1.0.0.202411081344/tools/bin/../lib/gcc/arm-none-eabi/13.3.1/thumb/v7e-m+fp/hard/crtbegin.o
LOAD C:/ST/STM32CubeIDE_1.19.0/STM32CubeIDE/plugins/com.st.stm32cube.ide.mcu.externaltools.gnu-tools-for-stm32.13.3.rel1.win32_1.0.0.202411081344/tools/bin/../lib/gcc/arm-none-eabi/13.3.1/../../../../arm-none-eabi/lib/thumb/v7e-m+fp/hard/crt0.o
LOAD ./Core/Src/aes.o
LOAD ./Core/Src/crc.o
LOAD ./Core/Src/gpio.o
LOAD ./Core/Src/main.o
LOAD ./Core/Src/stm32f4xx_hal_msp.o
LOAD ./Core/Src/stm32f4xx_it.o
LOAD ./Core/Src/syscalls.o
LOAD ./Core/Src/sysmem.o
LOAD ./Core/Src/system_stm32f4xx.o
LOAD ./Core/Src/usart.o
LOAD ./Core/Startup/startup_stm32f407vgtx.o
LOAD ./Drivers/STM32F4xx_HAL_Driver/Src/stm32f4xx_hal.o
LOAD ./Drivers/STM32F4xx_HAL_Driver/Src/stm32f4xx_hal_cortex.o
LOAD ./Drivers/STM32F4xx_HAL_Driver/Src/stm32f4xx_hal_crc.o
LOAD ./Drivers/STM32F4xx_HAL_Driver/Src/stm32f4xx_hal_dma.o
LOAD ./Drivers/STM32F4xx_HAL_Driver/Src/stm32f4xx_hal_dma_ex.o
LOAD ./Drivers/STM32F4xx_HAL_Driver/Src/stm32f4xx_hal_exti.o
LOAD ./Drivers/STM32F4xx_HAL_Driver/Src/stm32f4xx_hal_flash.o
LOAD ./Drivers/STM32F4xx_HAL_Driver/Src/stm32f4xx_hal_flash_ex.o
LOAD ./Drivers/STM32F4xx_HAL_Driver/Src/stm32f4xx_hal_flash_ramfunc.o
LOAD ./Drivers/STM32F4xx_HAL_Driver/Src/stm32f4xx_hal_gpio.o
LOAD ./Drivers/STM32F4xx_HAL_Driver/Src/stm32f4xx_hal_pwr.o
LOAD ./Drivers/STM32F4xx_HAL_Driver/Src/stm32f4xx_hal_pwr_ex.o
LOAD ./Drivers/STM32F4xx_HAL_Driver/Src/stm32f4xx_hal_rcc.o
LOAD ./Drivers/STM32F4xx_HAL_Driver/Src/stm32f4xx_hal_rcc_ex.o
LOAD ./Drivers/STM32F4xx_HAL_Driver/Src/stm32f4xx_hal_uart.o
START GROUP
LOAD C:/ST/STM32CubeIDE_1.19.0/STM32CubeIDE/plugins/com.st.stm32cube.ide.mcu.externaltools.gnu-tools-for-stm32.13.3.rel1.win32_1.0.0.202411081344/tools/bin/../lib/gcc/arm-none-eabi/13.3.1/../../../../arm-none-eabi/lib/thumb/v7e-m+fp/hard\libc_nano.a
LOAD C:/ST/STM32CubeIDE_1.19.0/STM32CubeIDE/plugins/com.st.stm32cube.ide.mcu.externaltools.gnu-tools-for-stm32.13.3.rel1.win32_1.0.0.202411081344/tools/bin/../lib/gcc/arm-none-eabi/13.3.1/../../../../arm-none-eabi/lib/thumb/v7e-m+fp/hard\libm.a
END GROUP
START GROUP
LOAD C:/ST/STM32CubeIDE_1.19.0/STM32CubeIDE/plugins/com.st.stm32cube.ide.mcu.externaltools.gnu-tools-for-stm32.13.3.rel1.win32_1.0.0.202411081344/tools/bin/../lib/gcc/arm-none-eabi/13.3.1/thumb/v7e-m+fp/hard\libgcc.a
LOAD C:/ST/STM32CubeIDE_1.19.0/STM32CubeIDE/plugins/com.st.stm32cube.ide.mcu.externaltools.gnu-tools-for-stm32.13.3.rel1.win32_1.0.0.202411081344/tools/bin/../lib/gcc/arm-none-eabi/13.3.1/../../../../arm-none-eabi/lib/thumb/v7e-m+fp/hard\libc_nano.a
END GROUP
START GROUP
LOAD C:/ST/STM32CubeIDE_1.19.0/STM32CubeIDE/plugins/com.st.stm32cube.ide.mcu.externaltools.gnu-tools-for-stm32.13.3.rel1.win32_1.0.0.202411081344/tools/bin/../lib/gcc/arm-none-eabi/13.3.1/thumb/v7e-m+fp/hard\libgcc.a
LOAD C:/ST/STM32CubeIDE_1.19.0/STM32CubeIDE/plugins/com.st.stm32cube.ide.mcu.externaltools.gnu-tools-for-stm32.13.3.rel1.win32_1.0.0.202411081344/tools/bin/../lib/gcc/arm-none-eabi/13.3.1/../../../../arm-none-eabi/lib/thumb/v7e-m+fp/hard\libc_nano.a
LOAD C:/ST/STM32CubeIDE_1.19.0/STM32CubeIDE/plugins/com.st.stm32cube.ide.mcu.externaltools.gnu-tools-for-stm32.13.3.rel1.win32_1.0.0.202411081344/tools/bin/../lib/gcc/arm-none-eabi/13.3.1/../../../../arm-none-eabi/lib/thumb/v7e-m+fp/hard\libnosys.a
END GROUP
START GROUP
LOAD C:/ST/STM32CubeIDE_1.19.0/STM32CubeIDE/plugins/com.st.stm32cube.ide.mcu.externaltools.gnu-tools-for-stm32.13.3.rel1.win32_1.0.0.202411081344/tools/bin/../lib/gcc/arm-none-eabi/13.3.1/thumb/v7e-m+fp/hard\libgcc.a
LOAD C:/ST/STM32CubeIDE_1.19.0/STM32CubeIDE/plugins/com.st.stm32cube.ide.mcu.externaltools.gnu-tools-for-stm32.13.3.rel1.win32_1.0.0.202411081344/tools/bin/../lib/gcc/arm-none-eabi/13.3.1/../../../../arm-none-eabi/lib/thumb/v7e-m+fp/hard\libc_nano.a
LOAD C:/ST/STM32CubeIDE_1.19.0/STM32CubeIDE/plugins/com.st.stm32cube.ide.mcu.externaltools.gnu-tools-for-stm32.13.3.rel1.win32_1.0.0.202411081344/tools/bin/../lib/gcc/arm-none-eabi/13.3.1/../../../../arm-none-eabi/lib/thumb/v7e-m+fp/hard\libnosys.a
END GROUP
LOAD C:/ST/STM32CubeIDE_1.19.0/STM32CubeIDE/plugins/com.st.stm32cube.ide.mcu.externaltools.gnu-tools-for-stm32.13.3.rel1.win32_1.0.0.202411081344/tools/bin/../lib/gcc/arm-none-eabi/13.3.1/thumb/v7e-m+fp/hard/crtend.o
LOAD C:/ST/STM32CubeIDE_1.19.0/STM32CubeIDE/plugins/com.st.stm32cube.ide.mcu.externaltools.gnu-tools-for-stm32.13.3.rel1.win32_1.0.0.202411081344/tools/bin/../lib/gcc/arm-none-eabi/13.3.1/thumb/v7e-m+fp/hard/crtn.o
                0x20020000                        _estack = (ORIGIN (RAM) + LENGTH (RAM))
                0x00000200                        _Min_Heap_Size = 0x200
                0x00000400                        _Min_Stack_Size = 0x400

.isr_vector     0x08000000      0x188
                0x08000000                        . = ALIGN (0x4)
 *(.isr_vector)
 .isr_vector    0x08000000      0x188 ./Core/Startup/startup_stm32f407vgtx.o
                0x08000000                g_pfnVectors
                0x08000188                        . = ALIGN (0x4)

.text           0x08000188     0x3998
                0x08000188                        . = ALIGN (0x4)
 *(.text)
 .text          0x08000188       0x40 C:/ST/STM32CubeIDE_1.19.0/STM32CubeIDE/plugins/com.st.stm32cube.ide.mcu.externaltools.gnu-tools-for-stm32.13.3.rel1.win32_1.0.0.202411081344/tools/bin/../lib/gcc/arm-none-eabi/13.3.1/thumb/v7e-m+fp/hard/crtbegin.o
 .text          0x080001c8       0x30 C:/ST/STM32CubeIDE_1.19.0/STM32CubeIDE/plugins/com.st.stm32cube.ide.mcu.externaltools.gnu-tools-for-stm32.13.3.rel1.win32_1.0.0.202411081344/tools/bin/../lib/gcc/arm-none-eabi/13.3.1/thumb/v7e-m+fp/hard\libgcc.a(_aeabi_uldivmod.o)
                0x080001c8                __aeabi_uldivmod
 .text          0x080001f8      0x2f8 C:/ST/STM32CubeIDE_1.19.0/STM32CubeIDE/plugins/com.st.stm32cube.ide.mcu.externaltools.gnu-tools-for-stm32.13.3.rel1.win32_1.0.0.202411081344/tools/bin/../lib/gcc/arm-none-eabi/13.3.1/thumb/v7e-m+fp/hard\libgcc.a(_udivmoddi4.o)
                0x080001f8                __udivmoddi4
 .text          0x080004f0        0x4 C:/ST/STM32CubeIDE_1.19.0/STM32CubeIDE/plugins/com.st.stm32cube.ide.mcu.externaltools.gnu-tools-for-stm32.13.3.rel1.win32_1.0.0.202411081344/tools/bin/../lib/gcc/arm-none-eabi/13.3.1/thumb/v7e-m+fp/hard\libgcc.a(_dvmd_tls.o)
                0x080004f0                __aeabi_idiv0
                0x080004f0                __aeabi_ldiv0
 *(.text*)
 .text.Multiply
                0x080004f4       0x68 ./Core/Src/aes.o
 .text.KeyExpansion
                0x0800055c      0x1d4 ./Core/Src/aes.o
 .text.InvCipher
                0x08000730      0x3a4 ./Core/Src/aes.o
 .text.AES_init_ctx_iv
                0x08000ad4       0x2c ./Core/Src/aes.o
                0x08000ad4                AES_init_ctx_iv
 .text.AES_CBC_decrypt_buffer
                0x08000b00       0xa8 ./Core/Src/aes.o
                0x08000b00                AES_CBC_decrypt_buffer
 .text.MX_CRC_Init
                0x08000ba8       0x28 ./Core/Src/crc.o
                0x08000ba8                MX_CRC_Init
 .text.HAL_CRC_MspInit
                0x08000bd0       0x44 ./Core/Src/crc.o
                0x08000bd0                HAL_CRC_MspInit
 .text.MX_GPIO_Init
                0x08000c14      0x108 ./Core/Src/gpio.o
                0x08000c14                MX_GPIO_Init
 .text.main     0x08000d1c       0x58 ./Core/Src/main.o
                0x08000d1c                main
 .text.SystemClock_Config
                0x08000d74       0xd8 ./Core/Src/main.o
                0x08000d74                SystemClock_Config
 .text.IWDG_Refresh
                0x08000e4c       0x1c ./Core/Src/main.o
                0x08000e4c                IWDG_Refresh
 .text.LED_All_Off
                0x08000e68       0x2c ./Core/Src/main.o
                0x08000e68                LED_All_Off
 .text.LED_Set_Status
                0x08000e94       0x7c ./Core/Src/main.o
                0x08000e94                LED_Set_Status
 .text.LED_Blink_Error
                0x08000f10       0x42 ./Core/Src/main.o
                0x08000f10                LED_Blink_Error
 *fill*         0x08000f52        0x2 
 .text.Calculate_CRC32
                0x08000f54       0x78 ./Core/Src/main.o
                0x08000f54                Calculate_CRC32
 .text.Calculate_Flash_CRC32
                0x08000fcc       0x84 ./Core/Src/main.o
                0x08000fcc                Calculate_Flash_CRC32
 .text.Flash_Write_Version
                0x08001050       0x30 ./Core/Src/main.o
                0x08001050                Flash_Write_Version
 .text.load_key_from_flash
                0x08001080       0x78 ./Core/Src/main.o
                0x08001080                load_key_from_flash
 .text.save_key_to_flash
                0x080010f8       0xf4 ./Core/Src/main.o
 .text.Bootloader_Handle_Key_Update
                0x080011ec      0x1cc ./Core/Src/main.o
                0x080011ec                Bootloader_Handle_Key_Update
 .text.Bootloader_Menu
                0x080013b8       0x44 ./Core/Src/main.o
                0x080013b8                Bootloader_Menu
 .text.Bootloader_Handle_Secure_Write
                0x080013fc      0x2e0 ./Core/Src/main.o
                0x080013fc                Bootloader_Handle_Secure_Write
 .text.jump_to_application
                0x080016dc       0x48 ./Core/Src/main.o
                0x080016dc                jump_to_application
 .text.Flash_Erase_Application
                0x08001724       0x32 ./Core/Src/main.o
                0x08001724                Flash_Erase_Application
 .text.Error_Handler
                0x08001756        0xc ./Core/Src/main.o
                0x08001756                Error_Handler
 *fill*         0x08001762        0x2 
 .text.HAL_MspInit
                0x08001764       0x50 ./Core/Src/stm32f4xx_hal_msp.o
                0x08001764                HAL_MspInit
 .text.NMI_Handler
                0x080017b4        0x8 ./Core/Src/stm32f4xx_it.o
                0x080017b4                NMI_Handler
 .text.HardFault_Handler
                0x080017bc        0x8 ./Core/Src/stm32f4xx_it.o
                0x080017bc                HardFault_Handler
 .text.MemManage_Handler
                0x080017c4        0x8 ./Core/Src/stm32f4xx_it.o
                0x080017c4                MemManage_Handler
 .text.BusFault_Handler
                0x080017cc        0x8 ./Core/Src/stm32f4xx_it.o
                0x080017cc                BusFault_Handler
 .text.UsageFault_Handler
                0x080017d4        0x8 ./Core/Src/stm32f4xx_it.o
                0x080017d4                UsageFault_Handler
 .text.SVC_Handler
                0x080017dc        0xe ./Core/Src/stm32f4xx_it.o
                0x080017dc                SVC_Handler
 .text.DebugMon_Handler
                0x080017ea        0xe ./Core/Src/stm32f4xx_it.o
                0x080017ea                DebugMon_Handler
 .text.PendSV_Handler
                0x080017f8        0xe ./Core/Src/stm32f4xx_it.o
                0x080017f8                PendSV_Handler
 .text.SysTick_Handler
                0x08001806        0xc ./Core/Src/stm32f4xx_it.o
                0x08001806                SysTick_Handler
 *fill*         0x08001812        0x2 
 .text.SystemInit
                0x08001814       0x24 ./Core/Src/system_stm32f4xx.o
                0x08001814                SystemInit
 .text.MX_USART2_UART_Init
                0x08001838       0x54 ./Core/Src/usart.o
                0x08001838                MX_USART2_UART_Init
 .text.HAL_UART_MspInit
                0x0800188c       0x90 ./Core/Src/usart.o
                0x0800188c                HAL_UART_MspInit
 .text.Reset_Handler
                0x0800191c       0x50 ./Core/Startup/startup_stm32f407vgtx.o
                0x0800191c                Reset_Handler
 .text.Default_Handler
                0x0800196c        0x2 ./Core/Startup/startup_stm32f407vgtx.o
                0x0800196c                RTC_Alarm_IRQHandler
                0x0800196c                HASH_RNG_IRQHandler
                0x0800196c                EXTI2_IRQHandler
                0x0800196c                TIM8_CC_IRQHandler
                0x0800196c                TIM1_CC_IRQHandler
                0x0800196c                DMA2_Stream5_IRQHandler
                0x0800196c                DMA1_Stream5_IRQHandler
                0x0800196c                PVD_IRQHandler
                0x0800196c                SDIO_IRQHandler
                0x0800196c                TAMP_STAMP_IRQHandler
                0x0800196c                CAN2_RX1_IRQHandler
                0x0800196c                EXTI3_IRQHandler
                0x0800196c                TIM8_TRG_COM_TIM14_IRQHandler
                0x0800196c                TIM1_UP_TIM10_IRQHandler
                0x0800196c                TIM8_UP_TIM13_IRQHandler
                0x0800196c                I2C3_ER_IRQHandler
                0x0800196c                EXTI0_IRQHandler
                0x0800196c                I2C2_EV_IRQHandler
                0x0800196c                DMA1_Stream2_IRQHandler
                0x0800196c                CAN1_RX0_IRQHandler
                0x0800196c                FPU_IRQHandler
                0x0800196c                OTG_HS_WKUP_IRQHandler
                0x0800196c                CAN2_SCE_IRQHandler
                0x0800196c                DMA2_Stream2_IRQHandler
                0x0800196c                SPI1_IRQHandler
                0x0800196c                TIM6_DAC_IRQHandler
                0x0800196c                TIM1_BRK_TIM9_IRQHandler
                0x0800196c                DCMI_IRQHandler
                0x0800196c                CAN2_RX0_IRQHandler
                0x0800196c                DMA2_Stream3_IRQHandler
                0x0800196c                USART6_IRQHandler
                0x0800196c                USART3_IRQHandler
                0x0800196c                CAN1_RX1_IRQHandler
                0x0800196c                UART5_IRQHandler
                0x0800196c                DMA2_Stream0_IRQHandler
                0x0800196c                TIM4_IRQHandler
                0x0800196c                I2C1_EV_IRQHandler
                0x0800196c                DMA1_Stream6_IRQHandler
                0x0800196c                DMA1_Stream1_IRQHandler
                0x0800196c                UART4_IRQHandler
                0x0800196c                TIM3_IRQHandler
                0x0800196c                RCC_IRQHandler
                0x0800196c                TIM8_BRK_TIM12_IRQHandler
                0x0800196c                Default_Handler
                0x0800196c                EXTI15_10_IRQHandler
                0x0800196c                ADC_IRQHandler
                0x0800196c                DMA1_Stream7_IRQHandler
                0x0800196c                TIM7_IRQHandler
                0x0800196c                CAN2_TX_IRQHandler
                0x0800196c                TIM5_IRQHandler
                0x0800196c                DMA2_Stream7_IRQHandler
                0x0800196c                I2C3_EV_IRQHandler
                0x0800196c                EXTI9_5_IRQHandler
                0x0800196c                RTC_WKUP_IRQHandler
                0x0800196c                ETH_WKUP_IRQHandler
                0x0800196c                SPI2_IRQHandler
                0x0800196c                OTG_HS_EP1_IN_IRQHandler
                0x0800196c                DMA1_Stream0_IRQHandler
                0x0800196c                CAN1_TX_IRQHandler
                0x0800196c                EXTI4_IRQHandler
                0x0800196c                FSMC_IRQHandler
                0x0800196c                ETH_IRQHandler
                0x0800196c                OTG_HS_EP1_OUT_IRQHandler
                0x0800196c                WWDG_IRQHandler
                0x0800196c                TIM2_IRQHandler
                0x0800196c                OTG_FS_WKUP_IRQHandler
                0x0800196c                TIM1_TRG_COM_TIM11_IRQHandler
                0x0800196c                OTG_HS_IRQHandler
                0x0800196c                EXTI1_IRQHandler
                0x0800196c                USART2_IRQHandler
                0x0800196c                I2C2_ER_IRQHandler
                0x0800196c                DMA2_Stream1_IRQHandler
                0x0800196c                CAN1_SCE_IRQHandler
                0x0800196c                FLASH_IRQHandler
                0x0800196c                DMA2_Stream4_IRQHandler
                0x0800196c                USART1_IRQHandler
                0x0800196c                OTG_FS_IRQHandler
                0x0800196c                SPI3_IRQHandler
                0x0800196c                DMA1_Stream4_IRQHandler
                0x0800196c                I2C1_ER_IRQHandler
                0x0800196c                DMA2_Stream6_IRQHandler
                0x0800196c                DMA1_Stream3_IRQHandler
 *fill*         0x0800196e        0x2 
 .text.HAL_Init
                0x08001970       0x44 ./Drivers/STM32F4xx_HAL_Driver/Src/stm32f4xx_hal.o
                0x08001970                HAL_Init
 .text.HAL_DeInit
                0x080019b4       0x5c ./Drivers/STM32F4xx_HAL_Driver/Src/stm32f4xx_hal.o
                0x080019b4                HAL_DeInit
 .text.HAL_MspDeInit
                0x08001a10        0xe ./Drivers/STM32F4xx_HAL_Driver/Src/stm32f4xx_hal.o
                0x08001a10                HAL_MspDeInit
 *fill*         0x08001a1e        0x2 
 .text.HAL_InitTick
                0x08001a20       0x60 ./Drivers/STM32F4xx_HAL_Driver/Src/stm32f4xx_hal.o
                0x08001a20                HAL_InitTick
 .text.HAL_IncTick
                0x08001a80       0x28 ./Drivers/STM32F4xx_HAL_Driver/Src/stm32f4xx_hal.o
                0x08001a80                HAL_IncTick
 .text.HAL_GetTick
                0x08001aa8       0x18 ./Drivers/STM32F4xx_HAL_Driver/Src/stm32f4xx_hal.o
                0x08001aa8                HAL_GetTick
 .text.HAL_Delay
                0x08001ac0       0x48 ./Drivers/STM32F4xx_HAL_Driver/Src/stm32f4xx_hal.o
                0x08001ac0                HAL_Delay
 .text.__NVIC_SetPriorityGrouping
                0x08001b08       0x48 ./Drivers/STM32F4xx_HAL_Driver/Src/stm32f4xx_hal_cortex.o
 .text.__NVIC_GetPriorityGrouping
                0x08001b50       0x1c ./Drivers/STM32F4xx_HAL_Driver/Src/stm32f4xx_hal_cortex.o
 .text.__NVIC_SetPriority
                0x08001b6c       0x54 ./Drivers/STM32F4xx_HAL_Driver/Src/stm32f4xx_hal_cortex.o
 .text.NVIC_EncodePriority
                0x08001bc0       0x66 ./Drivers/STM32F4xx_HAL_Driver/Src/stm32f4xx_hal_cortex.o
 *fill*         0x08001c26        0x2 
 .text.SysTick_Config
                0x08001c28       0x44 ./Drivers/STM32F4xx_HAL_Driver/Src/stm32f4xx_hal_cortex.o
 .text.HAL_NVIC_SetPriorityGrouping
                0x08001c6c       0x16 ./Drivers/STM32F4xx_HAL_Driver/Src/stm32f4xx_hal_cortex.o
                0x08001c6c                HAL_NVIC_SetPriorityGrouping
 .text.HAL_NVIC_SetPriority
                0x08001c82       0x38 ./Drivers/STM32F4xx_HAL_Driver/Src/stm32f4xx_hal_cortex.o
                0x08001c82                HAL_NVIC_SetPriority
 .text.HAL_SYSTICK_Config
                0x08001cba       0x18 ./Drivers/STM32F4xx_HAL_Driver/Src/stm32f4xx_hal_cortex.o
                0x08001cba                HAL_SYSTICK_Config
 .text.HAL_CRC_Init
                0x08001cd2       0x38 ./Drivers/STM32F4xx_HAL_Driver/Src/stm32f4xx_hal_crc.o
                0x08001cd2                HAL_CRC_Init
 *fill*         0x08001d0a        0x2 
 .text.HAL_FLASH_Program
                0x08001d0c       0xa4 ./Drivers/STM32F4xx_HAL_Driver/Src/stm32f4xx_hal_flash.o
                0x08001d0c                HAL_FLASH_Program
 .text.HAL_FLASH_Unlock
                0x08001db0       0x44 ./Drivers/STM32F4xx_HAL_Driver/Src/stm32f4xx_hal_flash.o
                0x08001db0                HAL_FLASH_Unlock
 .text.HAL_FLASH_Lock
                0x08001df4       0x20 ./Drivers/STM32F4xx_HAL_Driver/Src/stm32f4xx_hal_flash.o
                0x08001df4                HAL_FLASH_Lock
 .text.FLASH_WaitForLastOperation
                0x08001e14       0x80 ./Drivers/STM32F4xx_HAL_Driver/Src/stm32f4xx_hal_flash.o
                0x08001e14                FLASH_WaitForLastOperation
 .text.FLASH_Program_DoubleWord
                0x08001e94       0x64 ./Drivers/STM32F4xx_HAL_Driver/Src/stm32f4xx_hal_flash.o
 .text.FLASH_Program_Word
                0x08001ef8       0x44 ./Drivers/STM32F4xx_HAL_Driver/Src/stm32f4xx_hal_flash.o
 .text.FLASH_Program_HalfWord
                0x08001f3c       0x48 ./Drivers/STM32F4xx_HAL_Driver/Src/stm32f4xx_hal_flash.o
 .text.FLASH_Program_Byte
                0x08001f84       0x44 ./Drivers/STM32F4xx_HAL_Driver/Src/stm32f4xx_hal_flash.o
 .text.FLASH_SetErrorCode
                0x08001fc8       0xac ./Drivers/STM32F4xx_HAL_Driver/Src/stm32f4xx_hal_flash.o
 .text.HAL_FLASHEx_Erase
                0x08002074       0xdc ./Drivers/STM32F4xx_HAL_Driver/Src/stm32f4xx_hal_flash_ex.o
                0x08002074                HAL_FLASHEx_Erase
 .text.FLASH_MassErase
                0x08002150       0x48 ./Drivers/STM32F4xx_HAL_Driver/Src/stm32f4xx_hal_flash_ex.o
 .text.FLASH_Erase_Sector
                0x08002198       0x90 ./Drivers/STM32F4xx_HAL_Driver/Src/stm32f4xx_hal_flash_ex.o
                0x08002198                FLASH_Erase_Sector
 .text.FLASH_FlushCaches
                0x08002228       0x8c ./Drivers/STM32F4xx_HAL_Driver/Src/stm32f4xx_hal_flash_ex.o
                0x08002228                FLASH_FlushCaches
 .text.HAL_GPIO_Init
                0x080022b4      0x338 ./Drivers/STM32F4xx_HAL_Driver/Src/stm32f4xx_hal_gpio.o
                0x080022b4                HAL_GPIO_Init
 .text.HAL_GPIO_ReadPin
                0x080025ec       0x30 ./Drivers/STM32F4xx_HAL_Driver/Src/stm32f4xx_hal_gpio.o
                0x080025ec                HAL_GPIO_ReadPin
 .text.HAL_GPIO_WritePin
                0x0800261c       0x32 ./Drivers/STM32F4xx_HAL_Driver/Src/stm32f4xx_hal_gpio.o
                0x0800261c                HAL_GPIO_WritePin
 .text.HAL_GPIO_TogglePin
                0x0800264e       0x34 ./Drivers/STM32F4xx_HAL_Driver/Src/stm32f4xx_hal_gpio.o
                0x0800264e                HAL_GPIO_TogglePin
 *fill*         0x08002682        0x2 
 .text.HAL_RCC_OscConfig
                0x08002684      0x4f0 ./Drivers/STM32F4xx_HAL_Driver/Src/stm32f4xx_hal_rcc.o
                0x08002684                HAL_RCC_OscConfig
 .text.HAL_RCC_ClockConfig
                0x08002b74      0x1cc ./Drivers/STM32F4xx_HAL_Driver/Src/stm32f4xx_hal_rcc.o
                0x08002b74                HAL_RCC_ClockConfig
 .text.HAL_RCC_GetSysClockFreq
                0x08002d40      0x20c ./Drivers/STM32F4xx_HAL_Driver/Src/stm32f4xx_hal_rcc.o
                0x08002d40                HAL_RCC_GetSysClockFreq
 .text.HAL_RCC_GetHCLKFreq
                0x08002f4c       0x18 ./Drivers/STM32F4xx_HAL_Driver/Src/stm32f4xx_hal_rcc.o
                0x08002f4c                HAL_RCC_GetHCLKFreq
 .text.HAL_RCC_GetPCLK1Freq
                0x08002f64       0x28 ./Drivers/STM32F4xx_HAL_Driver/Src/stm32f4xx_hal_rcc.o
                0x08002f64                HAL_RCC_GetPCLK1Freq
 .text.HAL_RCC_GetPCLK2Freq
                0x08002f8c       0x28 ./Drivers/STM32F4xx_HAL_Driver/Src/stm32f4xx_hal_rcc.o
                0x08002f8c                HAL_RCC_GetPCLK2Freq
 .text.HAL_RCC_DeInit
                0x08002fb4      0x19c ./Drivers/STM32F4xx_HAL_Driver/Src/stm32f4xx_hal_rcc_ex.o
                0x08002fb4                HAL_RCC_DeInit
 .text.HAL_UART_Init
                0x08003150       0xa0 ./Drivers/STM32F4xx_HAL_Driver/Src/stm32f4xx_hal_uart.o
                0x08003150                HAL_UART_Init
 .text.HAL_UART_Transmit
                0x080031f0      0x116 ./Drivers/STM32F4xx_HAL_Driver/Src/stm32f4xx_hal_uart.o
                0x080031f0                HAL_UART_Transmit
 .text.HAL_UART_Receive
                0x08003306      0x12e ./Drivers/STM32F4xx_HAL_Driver/Src/stm32f4xx_hal_uart.o
                0x08003306                HAL_UART_Receive
 .text.UART_WaitOnFlagUntilTimeout
                0x08003434       0xb2 ./Drivers/STM32F4xx_HAL_Driver/Src/stm32f4xx_hal_uart.o
 .text.UART_EndRxTransfer
                0x080034e6       0xc6 ./Drivers/STM32F4xx_HAL_Driver/Src/stm32f4xx_hal_uart.o
 .text.UART_SetConfig
                0x080035ac      0x4e8 ./Drivers/STM32F4xx_HAL_Driver/Src/stm32f4xx_hal_uart.o
 .text.memset   0x08003a94       0x10 C:/ST/STM32CubeIDE_1.19.0/STM32CubeIDE/plugins/com.st.stm32cube.ide.mcu.externaltools.gnu-tools-for-stm32.13.3.rel1.win32_1.0.0.202411081344/tools/bin/../lib/gcc/arm-none-eabi/13.3.1/../../../../arm-none-eabi/lib/thumb/v7e-m+fp/hard\libc_nano.a(libc_a-memset.o)
                0x08003a94                memset
 .text.__libc_init_array
                0x08003aa4       0x48 C:/ST/STM32CubeIDE_1.19.0/STM32CubeIDE/plugins/com.st.stm32cube.ide.mcu.externaltools.gnu-tools-for-stm32.13.3.rel1.win32_1.0.0.202411081344/tools/bin/../lib/gcc/arm-none-eabi/13.3.1/../../../../arm-none-eabi/lib/thumb/v7e-m+fp/hard\libc_nano.a(libc_a-init.o)
                0x08003aa4                __libc_init_array
 .text.memcpy   0x08003aec       0x1c C:/ST/STM32CubeIDE_1.19.0/STM32CubeIDE/plugins/com.st.stm32cube.ide.mcu.externaltools.gnu-tools-for-stm32.13.3.rel1.win32_1.0.0.202411081344/tools/bin/../lib/gcc/arm-none-eabi/13.3.1/../../../../arm-none-eabi/lib/thumb/v7e-m+fp/hard\libc_nano.a(libc_a-memcpy-stub.o)
                0x08003aec                memcpy
 *(.glue_7)
 .glue_7        0x08003b08        0x0 linker stubs
 *(.glue_7t)
 .glue_7t       0x08003b08        0x0 linker stubs
 *(.eh_frame)
 .eh_frame      0x08003b08        0x0 C:/ST/STM32CubeIDE_1.19.0/STM32CubeIDE/plugins/com.st.stm32cube.ide.mcu.externaltools.gnu-tools-for-stm32.13.3.rel1.win32_1.0.0.202411081344/tools/bin/../lib/gcc/arm-none-eabi/13.3.1/thumb/v7e-m+fp/hard/crtbegin.o
 *(.init)
 .init          0x08003b08        0x4 C:/ST/STM32CubeIDE_1.19.0/STM32CubeIDE/plugins/com.st.stm32cube.ide.mcu.externaltools.gnu-tools-for-stm32.13.3.rel1.win32_1.0.0.202411081344/tools/bin/../lib/gcc/arm-none-eabi/13.3.1/thumb/v7e-m+fp/hard/crti.o
                0x08003b08                _init
 .init          0x08003b0c        0x8 C:/ST/STM32CubeIDE_1.19.0/STM32CubeIDE/plugins/com.st.stm32cube.ide.mcu.externaltools.gnu-tools-for-stm32.13.3.rel1.win32_1.0.0.202411081344/tools/bin/../lib/gcc/arm-none-eabi/13.3.1/thumb/v7e-m+fp/hard/crtn.o
 *(.fini)
 .fini          0x08003b14        0x4 C:/ST/STM32CubeIDE_1.19.0/STM32CubeIDE/plugins/com.st.stm32cube.ide.mcu.externaltools.gnu-tools-for-stm32.13.3.rel1.win32_1.0.0.202411081344/tools/bin/../lib/gcc/arm-none-eabi/13.3.1/thumb/v7e-m+fp/hard/crti.o
                0x08003b14                _fini
 .fini          0x08003b18        0x8 C:/ST/STM32CubeIDE_1.19.0/STM32CubeIDE/plugins/com.st.stm32cube.ide.mcu.externaltools.gnu-tools-for-stm32.13.3.rel1.win32_1.0.0.202411081344/tools/bin/../lib/gcc/arm-none-eabi/13.3.1/thumb/v7e-m+fp/hard/crtn.o
                0x08003b20                        . = ALIGN (0x4)
                0x08003b20                        _etext = .

.vfp11_veneer   0x08003b20        0x0
 .vfp11_veneer  0x08003b20        0x0 linker stubs

.v4_bx          0x08003b20        0x0
 .v4_bx         0x08003b20        0x0 linker stubs

.iplt           0x08003b20        0x0
 .iplt          0x08003b20        0x0 C:/ST/STM32CubeIDE_1.19.0/STM32CubeIDE/plugins/com.st.stm32cube.ide.mcu.externaltools.gnu-tools-for-stm32.13.3.rel1.win32_1.0.0.202411081344/tools/bin/../lib/gcc/arm-none-eabi/13.3.1/thumb/v7e-m+fp/hard/crtbegin.o

.rodata         0x08003b20      0x244
                0x08003b20                        . = ALIGN (0x4)
 *(.rodata)
 *(.rodata*)
 .rodata.sbox   0x08003b20      0x100 ./Core/Src/aes.o
 .rodata.rsbox  0x08003c20      0x100 ./Core/Src/aes.o
 .rodata.Rcon   0x08003d20        0xb ./Core/Src/aes.o
 *fill*         0x08003d2b        0x1 
 .rodata.DEFAULT_AES_KEY
                0x08003d2c       0x20 ./Core/Src/main.o
 .rodata.AHBPrescTable
                0x08003d4c       0x10 ./Core/Src/system_stm32f4xx.o
                0x08003d4c                AHBPrescTable
 .rodata.APBPrescTable
                0x08003d5c        0x8 ./Core/Src/system_stm32f4xx.o
                0x08003d5c                APBPrescTable
                0x08003d64                        . = ALIGN (0x4)

.ARM.extab      0x08003d64        0x0
                0x08003d64                        . = ALIGN (0x4)
 *(.ARM.extab* .gnu.linkonce.armextab.*)
                0x08003d64                        . = ALIGN (0x4)

.ARM            0x08003d64        0x8
                0x08003d64                        . = ALIGN (0x4)
                0x08003d64                        __exidx_start = .
 *(.ARM.exidx*)
 .ARM.exidx     0x08003d64        0x8 C:/ST/STM32CubeIDE_1.19.0/STM32CubeIDE/plugins/com.st.stm32cube.ide.mcu.externaltools.gnu-tools-for-stm32.13.3.rel1.win32_1.0.0.202411081344/tools/bin/../lib/gcc/arm-none-eabi/13.3.1/thumb/v7e-m+fp/hard\libgcc.a(_udivmoddi4.o)
                0x08003d6c                        __exidx_end = .
                0x08003d6c                        . = ALIGN (0x4)

.preinit_array  0x08003d6c        0x0
                0x08003d6c                        . = ALIGN (0x4)
                0x08003d6c                        PROVIDE (__preinit_array_start = .)
 *(.preinit_array*)
                0x08003d6c                        PROVIDE (__preinit_array_end = .)
                0x08003d6c                        . = ALIGN (0x4)

.init_array     0x08003d6c        0x4
                0x08003d6c                        . = ALIGN (0x4)
                0x08003d6c                        PROVIDE (__init_array_start = .)
 *(SORT_BY_NAME(.init_array.*))
 *(.init_array*)
 .init_array    0x08003d6c        0x4 C:/ST/STM32CubeIDE_1.19.0/STM32CubeIDE/plugins/com.st.stm32cube.ide.mcu.externaltools.gnu-tools-for-stm32.13.3.rel1.win32_1.0.0.202411081344/tools/bin/../lib/gcc/arm-none-eabi/13.3.1/thumb/v7e-m+fp/hard/crtbegin.o
                0x08003d70                        PROVIDE (__init_array_end = .)
                0x08003d70                        . = ALIGN (0x4)

.fini_array     0x08003d70        0x4
                0x08003d70                        . = ALIGN (0x4)
                [!provide]                        PROVIDE (__fini_array_start = .)
 *(SORT_BY_NAME(.fini_array.*))
 *(.fini_array*)
 .fini_array    0x08003d70        0x4 C:/ST/STM32CubeIDE_1.19.0/STM32CubeIDE/plugins/com.st.stm32cube.ide.mcu.externaltools.gnu-tools-for-stm32.13.3.rel1.win32_1.0.0.202411081344/tools/bin/../lib/gcc/arm-none-eabi/13.3.1/thumb/v7e-m+fp/hard/crtbegin.o
                [!provide]                        PROVIDE (__fini_array_end = .)
                0x08003d74                        . = ALIGN (0x4)
                0x08003d74                        _sidata = LOADADDR (.data)

.rel.dyn        0x08003d74        0x0
 .rel.iplt      0x08003d74        0x0 C:/ST/STM32CubeIDE_1.19.0/STM32CubeIDE/plugins/com.st.stm32cube.ide.mcu.externaltools.gnu-tools-for-stm32.13.3.rel1.win32_1.0.0.202411081344/tools/bin/../lib/gcc/arm-none-eabi/13.3.1/thumb/v7e-m+fp/hard/crtbegin.o

.data           0x20000000       0x2c load address 0x08003d74
                0x20000000                        . = ALIGN (0x4)
                0x20000000                        _sdata = .
 *(.data)
 *(.data*)
 .data.SystemCoreClock
                0x20000000        0x4 ./Core/Src/system_stm32f4xx.o
                0x20000000                SystemCoreClock
 .data.uwTickPrio
                0x20000004        0x4 ./Drivers/STM32F4xx_HAL_Driver/Src/stm32f4xx_hal.o
                0x20000004                uwTickPrio
 .data.uwTickFreq
                0x20000008        0x1 ./Drivers/STM32F4xx_HAL_Driver/Src/stm32f4xx_hal.o
                0x20000008                uwTickFreq
 *fill*         0x20000009        0x3 
 .data.pFlash   0x2000000c       0x20 ./Drivers/STM32F4xx_HAL_Driver/Src/stm32f4xx_hal_flash.o
                0x2000000c                pFlash
 *(.RamFunc)
 *(.RamFunc*)
                0x2000002c                        . = ALIGN (0x4)
                0x2000002c                        _edata = .
                0x08003da0                        _siccmram = LOADADDR (.ccmram)

.igot.plt       0x2000002c        0x0 load address 0x08003da0
 .igot.plt      0x2000002c        0x0 C:/ST/STM32CubeIDE_1.19.0/STM32CubeIDE/plugins/com.st.stm32cube.ide.mcu.externaltools.gnu-tools-for-stm32.13.3.rel1.win32_1.0.0.202411081344/tools/bin/../lib/gcc/arm-none-eabi/13.3.1/thumb/v7e-m+fp/hard/crtbegin.o

.ccmram         0x10000000        0x0 load address 0x08003da0
                0x10000000                        . = ALIGN (0x4)
                0x10000000                        _sccmram = .
 *(.ccmram)
 *(.ccmram*)
                0x10000000                        . = ALIGN (0x4)
                0x10000000                        _eccmram = .
                0x10000000                        . = ALIGN (0x4)

.bss            0x2000002c       0x90
                0x2000002c                        _sbss = .
                0x2000002c                        __bss_start__ = _sbss
 *(.bss)
 .bss           0x2000002c       0x1c C:/ST/STM32CubeIDE_1.19.0/STM32CubeIDE/plugins/com.st.stm32cube.ide.mcu.externaltools.gnu-tools-for-stm32.13.3.rel1.win32_1.0.0.202411081344/tools/bin/../lib/gcc/arm-none-eabi/13.3.1/thumb/v7e-m+fp/hard/crtbegin.o
 *(.bss*)
 .bss.hcrc      0x20000048        0x8 ./Core/Src/crc.o
                0x20000048                hcrc
 .bss.AES_KEY   0x20000050       0x20 ./Core/Src/main.o
                0x20000050                AES_KEY
 .bss.huart2    0x20000070       0x48 ./Core/Src/usart.o
                0x20000070                huart2
 .bss.uwTick    0x200000b8        0x4 ./Drivers/STM32F4xx_HAL_Driver/Src/stm32f4xx_hal.o
                0x200000b8                uwTick
 *(COMMON)
                0x200000bc                        . = ALIGN (0x4)
                0x200000bc                        _ebss = .
                0x200000bc                        __bss_end__ = _ebss

._user_heap_stack
                0x200000bc      0x604
                0x200000c0                        . = ALIGN (0x8)
 *fill*         0x200000bc        0x4 
                [!provide]                        PROVIDE (end = .)
                0x200000c0                        PROVIDE (_end = .)
                0x200002c0                        . = (. + _Min_Heap_Size)
 *fill*         0x200000c0      0x200 
                0x200006c0                        . = (. + _Min_Stack_Size)
 *fill*         0x200002c0      0x400 
                0x200006c0                        . = ALIGN (0x8)

/DISCARD/
 libc.a(*)
 libm.a(*)
 libgcc.a(*)

.ARM.attributes
                0x00000000       0x30
 *(.ARM.attributes)
 .ARM.attributes
                0x00000000       0x22 C:/ST/STM32CubeIDE_1.19.0/STM32CubeIDE/plugins/com.st.stm32cube.ide.mcu.externaltools.gnu-tools-for-stm32.13.3.rel1.win32_1.0.0.202411081344/tools/bin/../lib/gcc/arm-none-eabi/13.3.1/thumb/v7e-m+fp/hard/crti.o
 .ARM.attributes
                0x00000022       0x34 C:/ST/STM32CubeIDE_1.19.0/STM32CubeIDE/plugins/com.st.stm32cube.ide.mcu.externaltools.gnu-tools-for-stm32.13.3.rel1.win32_1.0.0.202411081344/tools/bin/../lib/gcc/arm-none-eabi/13.3.1/thumb/v7e-m+fp/hard/crtbegin.o
 .ARM.attributes
                0x00000056       0x34 ./Core/Src/aes.o
 .ARM.attributes
                0x0000008a       0x34 ./Core/Src/crc.o
 .ARM.attributes
                0x000000be       0x34 ./Core/Src/gpio.o
 .ARM.attributes
                0x000000f2       0x34 ./Core/Src/main.o
 .ARM.attributes
                0x00000126       0x34 ./Core/Src/stm32f4xx_hal_msp.o
 .ARM.attributes
                0x0000015a       0x34 ./Core/Src/stm32f4xx_it.o
 .ARM.attributes
                0x0000018e       0x34 ./Core/Src/system_stm32f4xx.o
 .ARM.attributes
                0x000001c2       0x34 ./Core/Src/usart.o
 .ARM.attributes
                0x000001f6       0x21 ./Core/Startup/startup_stm32f407vgtx.o
 .ARM.attributes
                0x00000217       0x34 ./Drivers/STM32F4xx_HAL_Driver/Src/stm32f4xx_hal.o
 .ARM.attributes
                0x0000024b       0x34 ./Drivers/STM32F4xx_HAL_Driver/Src/stm32f4xx_hal_cortex.o
 .ARM.attributes
                0x0000027f       0x34 ./Drivers/STM32F4xx_HAL_Driver/Src/stm32f4xx_hal_crc.o
 .ARM.attributes
                0x000002b3       0x34 ./Drivers/STM32F4xx_HAL_Driver/Src/stm32f4xx_hal_flash.o
 .ARM.attributes
                0x000002e7       0x34 ./Drivers/STM32F4xx_HAL_Driver/Src/stm32f4xx_hal_flash_ex.o
 .ARM.attributes
                0x0000031b       0x34 ./Drivers/STM32F4xx_HAL_Driver/Src/stm32f4xx_hal_gpio.o
 .ARM.attributes
                0x0000034f       0x34 ./Drivers/STM32F4xx_HAL_Driver/Src/stm32f4xx_hal_rcc.o
 .ARM.attributes
                0x00000383       0x34 ./Drivers/STM32F4xx_HAL_Driver/Src/stm32f4xx_hal_rcc_ex.o
 .ARM.attributes
                0x000003b7       0x34 ./Drivers/STM32F4xx_HAL_Driver/Src/stm32f4xx_hal_uart.o
 .ARM.attributes
                0x000003eb       0x34 C:/ST/STM32CubeIDE_1.19.0/STM32CubeIDE/plugins/com.st.stm32cube.ide.mcu.externaltools.gnu-tools-for-stm32.13.3.rel1.win32_1.0.0.202411081344/tools/bin/../lib/gcc/arm-none-eabi/13.3.1/../../../../arm-none-eabi/lib/thumb/v7e-m+fp/hard\libc_nano.a(libc_a-memset.o)
 .ARM.attributes
                0x0000041f       0x34 C:/ST/STM32CubeIDE_1.19.0/STM32CubeIDE/plugins/com.st.stm32cube.ide.mcu.externaltools.gnu-tools-for-stm32.13.3.rel1.win32_1.0.0.202411081344/tools/bin/../lib/gcc/arm-none-eabi/13.3.1/../../../../arm-none-eabi/lib/thumb/v7e-m+fp/hard\libc_nano.a(libc_a-init.o)
 .ARM.attributes
                0x00000453       0x34 C:/ST/STM32CubeIDE_1.19.0/STM32CubeIDE/plugins/com.st.stm32cube.ide.mcu.externaltools.gnu-tools-for-stm32.13.3.rel1.win32_1.0.0.202411081344/tools/bin/../lib/gcc/arm-none-eabi/13.3.1/../../../../arm-none-eabi/lib/thumb/v7e-m+fp/hard\libc_nano.a(libc_a-memcpy-stub.o)
 .ARM.attributes
                0x00000487       0x22 C:/ST/STM32CubeIDE_1.19.0/STM32CubeIDE/plugins/com.st.stm32cube.ide.mcu.externaltools.gnu-tools-for-stm32.13.3.rel1.win32_1.0.0.202411081344/tools/bin/../lib/gcc/arm-none-eabi/13.3.1/thumb/v7e-m+fp/hard\libgcc.a(_aeabi_uldivmod.o)
 .ARM.attributes
                0x000004a9       0x34 C:/ST/STM32CubeIDE_1.19.0/STM32CubeIDE/plugins/com.st.stm32cube.ide.mcu.externaltools.gnu-tools-for-stm32.13.3.rel1.win32_1.0.0.202411081344/tools/bin/../lib/gcc/arm-none-eabi/13.3.1/thumb/v7e-m+fp/hard\libgcc.a(_udivmoddi4.o)
 .ARM.attributes
                0x000004dd       0x22 C:/ST/STM32CubeIDE_1.19.0/STM32CubeIDE/plugins/com.st.stm32cube.ide.mcu.externaltools.gnu-tools-for-stm32.13.3.rel1.win32_1.0.0.202411081344/tools/bin/../lib/gcc/arm-none-eabi/13.3.1/thumb/v7e-m+fp/hard\libgcc.a(_dvmd_tls.o)
 .ARM.attributes
                0x000004ff       0x22 C:/ST/STM32CubeIDE_1.19.0/STM32CubeIDE/plugins/com.st.stm32cube.ide.mcu.externaltools.gnu-tools-for-stm32.13.3.rel1.win32_1.0.0.202411081344/tools/bin/../lib/gcc/arm-none-eabi/13.3.1/thumb/v7e-m+fp/hard/crtn.o
OUTPUT(Custom bootloader.elf elf32-littlearm)
LOAD linker stubs
LOAD C:/ST/STM32CubeIDE_1.19.0/STM32CubeIDE/plugins/com.st.stm32cube.ide.mcu.externaltools.gnu-tools-for-stm32.13.3.rel1.win32_1.0.0.202411081344/tools/bin/../lib/gcc/arm-none-eabi/13.3.1/../../../../arm-none-eabi/lib/thumb/v7e-m+fp/hard\libc.a
LOAD C:/ST/STM32CubeIDE_1.19.0/STM32CubeIDE/plugins/com.st.stm32cube.ide.mcu.externaltools.gnu-tools-for-stm32.13.3.rel1.win32_1.0.0.202411081344/tools/bin/../lib/gcc/arm-none-eabi/13.3.1/../../../../arm-none-eabi/lib/thumb/v7e-m+fp/hard\libm.a
LOAD C:/ST/STM32CubeIDE_1.19.0/STM32CubeIDE/plugins/com.st.stm32cube.ide.mcu.externaltools.gnu-tools-for-stm32.13.3.rel1.win32_1.0.0.202411081344/tools/bin/../lib/gcc/arm-none-eabi/13.3.1/thumb/v7e-m+fp/hard\libgcc.a

.debug_info     0x00000000     0x9ee9
 .debug_info    0x00000000      0x481 ./Core/Src/aes.o
 .debug_info    0x00000481      0x41f ./Core/Src/crc.o
 .debug_info    0x000008a0      0x409 ./Core/Src/gpio.o
 .debug_info    0x00000ca9     0x15fd ./Core/Src/main.o
 .debug_info    0x000022a6      0x27c ./Core/Src/stm32f4xx_hal_msp.o
 .debug_info    0x00002522      0x112 ./Core/Src/stm32f4xx_it.o
 .debug_info    0x00002634      0x512 ./Core/Src/system_stm32f4xx.o
 .debug_info    0x00002b46      0x91d ./Core/Src/usart.o
 .debug_info    0x00003463       0x30 ./Core/Startup/startup_stm32f407vgtx.o
 .debug_info    0x00003493      0x944 ./Drivers/STM32F4xx_HAL_Driver/Src/stm32f4xx_hal.o
 .debug_info    0x00003dd7      0xd8c ./Drivers/STM32F4xx_HAL_Driver/Src/stm32f4xx_hal_cortex.o
 .debug_info    0x00004b63      0x37f ./Drivers/STM32F4xx_HAL_Driver/Src/stm32f4xx_hal_crc.o
 .debug_info    0x00004ee2      0x57d ./Drivers/STM32F4xx_HAL_Driver/Src/stm32f4xx_hal_flash.o
 .debug_info    0x0000545f      0x67f ./Drivers/STM32F4xx_HAL_Driver/Src/stm32f4xx_hal_flash_ex.o
 .debug_info    0x00005ade      0x6c3 ./Drivers/STM32F4xx_HAL_Driver/Src/stm32f4xx_hal_gpio.o
 .debug_info    0x000061a1      0x8c3 ./Drivers/STM32F4xx_HAL_Driver/Src/stm32f4xx_hal_rcc.o
 .debug_info    0x00006a64      0x536 ./Drivers/STM32F4xx_HAL_Driver/Src/stm32f4xx_hal_rcc_ex.o
 .debug_info    0x00006f9a     0x2f4f ./Drivers/STM32F4xx_HAL_Driver/Src/stm32f4xx_hal_uart.o

.debug_abbrev   0x00000000     0x21c6
 .debug_abbrev  0x00000000      0x17f ./Core/Src/aes.o
 .debug_abbrev  0x0000017f      0x19b ./Core/Src/crc.o
 .debug_abbrev  0x0000031a      0x152 ./Core/Src/gpio.o
 .debug_abbrev  0x0000046c      0x3bc ./Core/Src/main.o
 .debug_abbrev  0x00000828       0xf4 ./Core/Src/stm32f4xx_hal_msp.o
 .debug_abbrev  0x0000091c       0x73 ./Core/Src/stm32f4xx_it.o
 .debug_abbrev  0x0000098f      0x11a ./Core/Src/system_stm32f4xx.o
 .debug_abbrev  0x00000aa9      0x1f9 ./Core/Src/usart.o
 .debug_abbrev  0x00000ca2       0x24 ./Core/Startup/startup_stm32f407vgtx.o
 .debug_abbrev  0x00000cc6      0x214 ./Drivers/STM32F4xx_HAL_Driver/Src/stm32f4xx_hal.o
 .debug_abbrev  0x00000eda      0x31d ./Drivers/STM32F4xx_HAL_Driver/Src/stm32f4xx_hal_cortex.o
 .debug_abbrev  0x000011f7      0x1b1 ./Drivers/STM32F4xx_HAL_Driver/Src/stm32f4xx_hal_crc.o
 .debug_abbrev  0x000013a8      0x28c ./Drivers/STM32F4xx_HAL_Driver/Src/stm32f4xx_hal_flash.o
 .debug_abbrev  0x00001634      0x249 ./Drivers/STM32F4xx_HAL_Driver/Src/stm32f4xx_hal_flash_ex.o
 .debug_abbrev  0x0000187d      0x1d4 ./Drivers/STM32F4xx_HAL_Driver/Src/stm32f4xx_hal_gpio.o
 .debug_abbrev  0x00001a51      0x2b7 ./Drivers/STM32F4xx_HAL_Driver/Src/stm32f4xx_hal_rcc.o
 .debug_abbrev  0x00001d08      0x1b0 ./Drivers/STM32F4xx_HAL_Driver/Src/stm32f4xx_hal_rcc_ex.o
 .debug_abbrev  0x00001eb8      0x30e ./Drivers/STM32F4xx_HAL_Driver/Src/stm32f4xx_hal_uart.o

.debug_aranges  0x00000000      0x920
 .debug_aranges
                0x00000000       0x40 ./Core/Src/aes.o
 .debug_aranges
                0x00000040       0x30 ./Core/Src/crc.o
 .debug_aranges
                0x00000070       0x20 ./Core/Src/gpio.o
 .debug_aranges
                0x00000090       0xb8 ./Core/Src/main.o
 .debug_aranges
                0x00000148       0x20 ./Core/Src/stm32f4xx_hal_msp.o
 .debug_aranges
                0x00000168       0x60 ./Core/Src/stm32f4xx_it.o
 .debug_aranges
                0x000001c8       0x28 ./Core/Src/system_stm32f4xx.o
 .debug_aranges
                0x000001f0       0x30 ./Core/Src/usart.o
 .debug_aranges
                0x00000220       0x28 ./Core/Startup/startup_stm32f407vgtx.o
 .debug_aranges
                0x00000248       0xf0 ./Drivers/STM32F4xx_HAL_Driver/Src/stm32f4xx_hal.o
 .debug_aranges
                0x00000338      0x130 ./Drivers/STM32F4xx_HAL_Driver/Src/stm32f4xx_hal_cortex.o
 .debug_aranges
                0x00000468       0x50 ./Drivers/STM32F4xx_HAL_Driver/Src/stm32f4xx_hal_crc.o
 .debug_aranges
                0x000004b8       0xa0 ./Drivers/STM32F4xx_HAL_Driver/Src/stm32f4xx_hal_flash.o
 .debug_aranges
                0x00000558       0x98 ./Drivers/STM32F4xx_HAL_Driver/Src/stm32f4xx_hal_flash_ex.o
 .debug_aranges
                0x000005f0       0x58 ./Drivers/STM32F4xx_HAL_Driver/Src/stm32f4xx_hal_gpio.o
 .debug_aranges
                0x00000648       0x88 ./Drivers/STM32F4xx_HAL_Driver/Src/stm32f4xx_hal_rcc.o
 .debug_aranges
                0x000006d0       0x48 ./Drivers/STM32F4xx_HAL_Driver/Src/stm32f4xx_hal_rcc_ex.o
 .debug_aranges
                0x00000718      0x208 ./Drivers/STM32F4xx_HAL_Driver/Src/stm32f4xx_hal_uart.o

.debug_rnglists
                0x00000000      0x6f5
 .debug_rnglists
                0x00000000       0x2e ./Core/Src/aes.o
 .debug_rnglists
                0x0000002e       0x1f ./Core/Src/crc.o
 .debug_rnglists
                0x0000004d       0x14 ./Core/Src/gpio.o
 .debug_rnglists
                0x00000061       0xa5 ./Core/Src/main.o
 .debug_rnglists
                0x00000106       0x13 ./Core/Src/stm32f4xx_hal_msp.o
 .debug_rnglists
                0x00000119       0x43 ./Core/Src/stm32f4xx_it.o
 .debug_rnglists
                0x0000015c       0x1a ./Core/Src/system_stm32f4xx.o
 .debug_rnglists
                0x00000176       0x20 ./Core/Src/usart.o
 .debug_rnglists
                0x00000196       0x19 ./Core/Startup/startup_stm32f407vgtx.o
 .debug_rnglists
                0x000001af       0xaf ./Drivers/STM32F4xx_HAL_Driver/Src/stm32f4xx_hal.o
 .debug_rnglists
                0x0000025e       0xe0 ./Drivers/STM32F4xx_HAL_Driver/Src/stm32f4xx_hal_cortex.o
 .debug_rnglists
                0x0000033e       0x37 ./Drivers/STM32F4xx_HAL_Driver/Src/stm32f4xx_hal_crc.o
 .debug_rnglists
                0x00000375       0x78 ./Drivers/STM32F4xx_HAL_Driver/Src/stm32f4xx_hal_flash.o
 .debug_rnglists
                0x000003ed       0x72 ./Drivers/STM32F4xx_HAL_Driver/Src/stm32f4xx_hal_flash_ex.o
 .debug_rnglists
                0x0000045f       0x3f ./Drivers/STM32F4xx_HAL_Driver/Src/stm32f4xx_hal_gpio.o
 .debug_rnglists
                0x0000049e       0x66 ./Drivers/STM32F4xx_HAL_Driver/Src/stm32f4xx_hal_rcc.o
 .debug_rnglists
                0x00000504       0x35 ./Drivers/STM32F4xx_HAL_Driver/Src/stm32f4xx_hal_rcc_ex.o
 .debug_rnglists
                0x00000539      0x1bc ./Drivers/STM32F4xx_HAL_Driver/Src/stm32f4xx_hal_uart.o

.debug_macro    0x00000000    0x20deb
 .debug_macro   0x00000000      0x13f ./Core/Src/aes.o
 .debug_macro   0x0000013f      0xad8 ./Core/Src/aes.o
 .debug_macro   0x00000c17       0x22 ./Core/Src/aes.o
 .debug_macro   0x00000c39       0x5b ./Core/Src/aes.o
 .debug_macro   0x00000c94       0x2a ./Core/Src/aes.o
 .debug_macro   0x00000cbe       0x94 ./Core/Src/aes.o
 .debug_macro   0x00000d52       0x43 ./Core/Src/aes.o
 .debug_macro   0x00000d95       0x34 ./Core/Src/aes.o
 .debug_macro   0x00000dc9      0x190 ./Core/Src/aes.o
 .debug_macro   0x00000f59       0x57 ./Core/Src/aes.o
 .debug_macro   0x00000fb0      0x370 ./Core/Src/aes.o
 .debug_macro   0x00001320       0x16 ./Core/Src/aes.o
 .debug_macro   0x00001336       0x4a ./Core/Src/aes.o
 .debug_macro   0x00001380       0x34 ./Core/Src/aes.o
 .debug_macro   0x000013b4       0x10 ./Core/Src/aes.o
 .debug_macro   0x000013c4       0x58 ./Core/Src/aes.o
 .debug_macro   0x0000141c       0x8e ./Core/Src/aes.o
 .debug_macro   0x000014aa       0x1c ./Core/Src/aes.o
 .debug_macro   0x000014c6      0x185 ./Core/Src/aes.o
 .debug_macro   0x0000164b       0x10 ./Core/Src/aes.o
 .debug_macro   0x0000165b       0x3c ./Core/Src/aes.o
 .debug_macro   0x00001697       0x20 ./Core/Src/aes.o
 .debug_macro   0x000016b7      0x103 ./Core/Src/aes.o
 .debug_macro   0x000017ba       0x6a ./Core/Src/aes.o
 .debug_macro   0x00001824      0x1df ./Core/Src/aes.o
 .debug_macro   0x00001a03       0x10 ./Core/Src/aes.o
 .debug_macro   0x00001a13      0x1d8 ./Core/Src/crc.o
 .debug_macro   0x00001beb      0x29b ./Core/Src/crc.o
 .debug_macro   0x00001e86       0x2e ./Core/Src/crc.o
 .debug_macro   0x00001eb4       0x2f ./Core/Src/crc.o
 .debug_macro   0x00001ee3       0x8e ./Core/Src/crc.o
 .debug_macro   0x00001f71       0x51 ./Core/Src/crc.o
 .debug_macro   0x00001fc2       0x1c ./Core/Src/crc.o
 .debug_macro   0x00001fde       0x22 ./Core/Src/crc.o
 .debug_macro   0x00002000       0xfb ./Core/Src/crc.o
 .debug_macro   0x000020fb     0x1011 ./Core/Src/crc.o
 .debug_macro   0x0000310c      0x11f ./Core/Src/crc.o
 .debug_macro   0x0000322b    0x15ea5 ./Core/Src/crc.o
 .debug_macro   0x000190d0       0x6d ./Core/Src/crc.o
 .debug_macro   0x0001913d     0x3693 ./Core/Src/crc.o
 .debug_macro   0x0001c7d0       0x5c ./Core/Src/crc.o
 .debug_macro   0x0001c82c      0x980 ./Core/Src/crc.o
 .debug_macro   0x0001d1ac      0x9e9 ./Core/Src/crc.o
 .debug_macro   0x0001db95      0x115 ./Core/Src/crc.o
 .debug_macro   0x0001dcaa      0x13e ./Core/Src/crc.o
 .debug_macro   0x0001dde8       0xa5 ./Core/Src/crc.o
 .debug_macro   0x0001de8d      0x174 ./Core/Src/crc.o
 .debug_macro   0x0001e001      0x287 ./Core/Src/crc.o
 .debug_macro   0x0001e288       0x5f ./Core/Src/crc.o
 .debug_macro   0x0001e2e7      0x236 ./Core/Src/crc.o
 .debug_macro   0x0001e51d       0x22 ./Core/Src/crc.o
 .debug_macro   0x0001e53f      0x12c ./Core/Src/crc.o
 .debug_macro   0x0001e66b      0x21e ./Core/Src/crc.o
 .debug_macro   0x0001e889       0x2e ./Core/Src/crc.o
 .debug_macro   0x0001e8b7      0x127 ./Core/Src/crc.o
 .debug_macro   0x0001e9de       0x7e ./Core/Src/crc.o
 .debug_macro   0x0001ea5c       0x89 ./Core/Src/crc.o
 .debug_macro   0x0001eae5      0x2aa ./Core/Src/crc.o
 .debug_macro   0x0001ed8f      0x12d ./Core/Src/crc.o
 .debug_macro   0x0001eebc      0x1d8 ./Core/Src/gpio.o
 .debug_macro   0x0001f094      0x37f ./Core/Src/main.o
 .debug_macro   0x0001f413       0x16 ./Core/Src/main.o
 .debug_macro   0x0001f429       0x61 ./Core/Src/main.o
 .debug_macro   0x0001f48a       0x1c ./Core/Src/main.o
 .debug_macro   0x0001f4a6       0x10 ./Core/Src/main.o
 .debug_macro   0x0001f4b6       0x1c ./Core/Src/main.o
 .debug_macro   0x0001f4d2       0x16 ./Core/Src/main.o
 .debug_macro   0x0001f4e8      0x146 ./Core/Src/main.o
 .debug_macro   0x0001f62e      0x1ce ./Core/Src/stm32f4xx_hal_msp.o
 .debug_macro   0x0001f7fc      0x1d8 ./Core/Src/stm32f4xx_it.o
 .debug_macro   0x0001f9d4      0x1c4 ./Core/Src/system_stm32f4xx.o
 .debug_macro   0x0001fb98      0x1d8 ./Core/Src/usart.o
 .debug_macro   0x0001fd70      0x224 ./Drivers/STM32F4xx_HAL_Driver/Src/stm32f4xx_hal.o
 .debug_macro   0x0001ff94      0x1c4 ./Drivers/STM32F4xx_HAL_Driver/Src/stm32f4xx_hal_cortex.o
 .debug_macro   0x00020158      0x1c4 ./Drivers/STM32F4xx_HAL_Driver/Src/stm32f4xx_hal_crc.o
 .debug_macro   0x0002031c      0x1ca ./Drivers/STM32F4xx_HAL_Driver/Src/stm32f4xx_hal_flash.o
 .debug_macro   0x000204e6      0x1ca ./Drivers/STM32F4xx_HAL_Driver/Src/stm32f4xx_hal_flash_ex.o
 .debug_macro   0x000206b0      0x1ca ./Drivers/STM32F4xx_HAL_Driver/Src/stm32f4xx_hal_gpio.o
 .debug_macro   0x0002087a      0x1e8 ./Drivers/STM32F4xx_HAL_Driver/Src/stm32f4xx_hal_rcc.o
 .debug_macro   0x00020a62      0x1c4 ./Drivers/STM32F4xx_HAL_Driver/Src/stm32f4xx_hal_rcc_ex.o
 .debug_macro   0x00020c26      0x1c5 ./Drivers/STM32F4xx_HAL_Driver/Src/stm32f4xx_hal_uart.o

.debug_line     0x00000000     0xc511
 .debug_line    0x00000000      0xaa3 ./Core/Src/aes.o
 .debug_line    0x00000aa3      0x76c ./Core/Src/crc.o
 .debug_line    0x0000120f      0x754 ./Core/Src/gpio.o
 .debug_line    0x00001963      0xe62 ./Core/Src/main.o
 .debug_line    0x000027c5      0x72d ./Core/Src/stm32f4xx_hal_msp.o
 .debug_line    0x00002ef2      0x7db ./Core/Src/stm32f4xx_it.o
 .debug_line    0x000036cd      0x7a2 ./Core/Src/system_stm32f4xx.o
 .debug_line    0x00003e6f      0x79a ./Core/Src/usart.o
 .debug_line    0x00004609       0x7a ./Core/Startup/startup_stm32f407vgtx.o
 .debug_line    0x00004683      0xa1e ./Drivers/STM32F4xx_HAL_Driver/Src/stm32f4xx_hal.o
 .debug_line    0x000050a1      0xcee ./Drivers/STM32F4xx_HAL_Driver/Src/stm32f4xx_hal_cortex.o
 .debug_line    0x00005d8f      0x853 ./Drivers/STM32F4xx_HAL_Driver/Src/stm32f4xx_hal_crc.o
 .debug_line    0x000065e2      0xac4 ./Drivers/STM32F4xx_HAL_Driver/Src/stm32f4xx_hal_flash.o
 .debug_line    0x000070a6      0xad5 ./Drivers/STM32F4xx_HAL_Driver/Src/stm32f4xx_hal_flash_ex.o
 .debug_line    0x00007b7b      0xb76 ./Drivers/STM32F4xx_HAL_Driver/Src/stm32f4xx_hal_gpio.o
 .debug_line    0x000086f1      0xe2d ./Drivers/STM32F4xx_HAL_Driver/Src/stm32f4xx_hal_rcc.o
 .debug_line    0x0000951e      0xa8d ./Drivers/STM32F4xx_HAL_Driver/Src/stm32f4xx_hal_rcc_ex.o
 .debug_line    0x00009fab     0x2566 ./Drivers/STM32F4xx_HAL_Driver/Src/stm32f4xx_hal_uart.o

.debug_str      0x00000000    0xc34eb
 .debug_str     0x00000000    0xc34eb ./Core/Src/aes.o
                               0x73f2 (size before relaxing)
 .debug_str     0x000c34eb    0xbd16e ./Core/Src/crc.o
 .debug_str     0x000c34eb    0xbd0be ./Core/Src/gpio.o
 .debug_str     0x000c34eb    0xc15ce ./Core/Src/main.o
 .debug_str     0x000c34eb    0xbd010 ./Core/Src/stm32f4xx_hal_msp.o
 .debug_str     0x000c34eb    0xbcf79 ./Core/Src/stm32f4xx_it.o
 .debug_str     0x000c34eb    0xbd0a3 ./Core/Src/system_stm32f4xx.o
 .debug_str     0x000c34eb    0xbd57b ./Core/Src/usart.o
 .debug_str     0x000c34eb       0x84 ./Core/Startup/startup_stm32f407vgtx.o
 .debug_str     0x000c34eb    0xbdc27 ./Drivers/STM32F4xx_HAL_Driver/Src/stm32f4xx_hal.o
 .debug_str     0x000c34eb    0xbd9a3 ./Drivers/STM32F4xx_HAL_Driver/Src/stm32f4xx_hal_cortex.o
 .debug_str     0x000c34eb    0xbd0d1 ./Drivers/STM32F4xx_HAL_Driver/Src/stm32f4xx_hal_crc.o
 .debug_str     0x000c34eb    0xbd293 ./Drivers/STM32F4xx_HAL_Driver/Src/stm32f4xx_hal_flash.o
 .debug_str     0x000c34eb    0xbd2e3 ./Drivers/STM32F4xx_HAL_Driver/Src/stm32f4xx_hal_flash_ex.o
 .debug_str     0x000c34eb    0xbd21e ./Drivers/STM32F4xx_HAL_Driver/Src/stm32f4xx_hal_gpio.o
 .debug_str     0x000c34eb    0xbd4d7 ./Drivers/STM32F4xx_HAL_Driver/Src/stm32f4xx_hal_rcc.o
 .debug_str     0x000c34eb    0xbd1f5 ./Drivers/STM32F4xx_HAL_Driver/Src/stm32f4xx_hal_rcc_ex.o
 .debug_str     0x000c34eb    0xbdab8 ./Drivers/STM32F4xx_HAL_Driver/Src/stm32f4xx_hal_uart.o

.comment        0x00000000       0x43
 .comment       0x00000000       0x43 ./Core/Src/aes.o
                                 0x44 (size before relaxing)
 .comment       0x00000043       0x44 ./Core/Src/crc.o
 .comment       0x00000043       0x44 ./Core/Src/gpio.o
 .comment       0x00000043       0x44 ./Core/Src/main.o
 .comment       0x00000043       0x44 ./Core/Src/stm32f4xx_hal_msp.o
 .comment       0x00000043       0x44 ./Core/Src/stm32f4xx_it.o
 .comment       0x00000043       0x44 ./Core/Src/system_stm32f4xx.o
 .comment       0x00000043       0x44 ./Core/Src/usart.o
 .comment       0x00000043       0x44 ./Drivers/STM32F4xx_HAL_Driver/Src/stm32f4xx_hal.o
 .comment       0x00000043       0x44 ./Drivers/STM32F4xx_HAL_Driver/Src/stm32f4xx_hal_cortex.o
 .comment       0x00000043       0x44 ./Drivers/STM32F4xx_HAL_Driver/Src/stm32f4xx_hal_crc.o
 .comment       0x00000043       0x44 ./Drivers/STM32F4xx_HAL_Driver/Src/stm32f4xx_hal_flash.o
 .comment       0x00000043       0x44 ./Drivers/STM32F4xx_HAL_Driver/Src/stm32f4xx_hal_flash_ex.o
 .comment       0x00000043       0x44 ./Drivers/STM32F4xx_HAL_Driver/Src/stm32f4xx_hal_gpio.o
 .comment       0x00000043       0x44 ./Drivers/STM32F4xx_HAL_Driver/Src/stm32f4xx_hal_rcc.o
 .comment       0x00000043       0x44 ./Drivers/STM32F4xx_HAL_Driver/Src/stm32f4xx_hal_rcc_ex.o
 .comment       0x00000043       0x44 ./Drivers/STM32F4xx_HAL_Driver/Src/stm32f4xx_hal_uart.o

.debug_frame    0x00000000     0x2310
 .debug_frame   0x00000000       0xd4 ./Core/Src/aes.o
 .debug_frame   0x000000d4       0x7c ./Core/Src/crc.o
 .debug_frame   0x00000150       0x34 ./Core/Src/gpio.o
 .debug_frame   0x00000184      0x2d0 ./Core/Src/main.o
 .debug_frame   0x00000454       0x34 ./Core/Src/stm32f4xx_hal_msp.o
 .debug_frame   0x00000488      0x104 ./Core/Src/stm32f4xx_it.o
 .debug_frame   0x0000058c       0x58 ./Core/Src/system_stm32f4xx.o
 .debug_frame   0x000005e4       0x74 ./Core/Src/usart.o
 .debug_frame   0x00000658      0x374 ./Drivers/STM32F4xx_HAL_Driver/Src/stm32f4xx_hal.o
 .debug_frame   0x000009cc      0x508 ./Drivers/STM32F4xx_HAL_Driver/Src/stm32f4xx_hal_cortex.o
 .debug_frame   0x00000ed4      0x120 ./Drivers/STM32F4xx_HAL_Driver/Src/stm32f4xx_hal_crc.o
 .debug_frame   0x00000ff4      0x274 ./Drivers/STM32F4xx_HAL_Driver/Src/stm32f4xx_hal_flash.o
 .debug_frame   0x00001268      0x250 ./Drivers/STM32F4xx_HAL_Driver/Src/stm32f4xx_hal_flash_ex.o
 .debug_frame   0x000014b8      0x14c ./Drivers/STM32F4xx_HAL_Driver/Src/stm32f4xx_hal_gpio.o
 .debug_frame   0x00001604      0x1f4 ./Drivers/STM32F4xx_HAL_Driver/Src/stm32f4xx_hal_rcc.o
 .debug_frame   0x000017f8       0xf0 ./Drivers/STM32F4xx_HAL_Driver/Src/stm32f4xx_hal_rcc_ex.o
 .debug_frame   0x000018e8      0x954 ./Drivers/STM32F4xx_HAL_Driver/Src/stm32f4xx_hal_uart.o
 .debug_frame   0x0000223c       0x20 C:/ST/STM32CubeIDE_1.19.0/STM32CubeIDE/plugins/com.st.stm32cube.ide.mcu.externaltools.gnu-tools-for-stm32.13.3.rel1.win32_1.0.0.202411081344/tools/bin/../lib/gcc/arm-none-eabi/13.3.1/../../../../arm-none-eabi/lib/thumb/v7e-m+fp/hard\libc_nano.a(libc_a-memset.o)
 .debug_frame   0x0000225c       0x2c C:/ST/STM32CubeIDE_1.19.0/STM32CubeIDE/plugins/com.st.stm32cube.ide.mcu.externaltools.gnu-tools-for-stm32.13.3.rel1.win32_1.0.0.202411081344/tools/bin/../lib/gcc/arm-none-eabi/13.3.1/../../../../arm-none-eabi/lib/thumb/v7e-m+fp/hard\libc_nano.a(libc_a-init.o)
 .debug_frame   0x00002288       0x28 C:/ST/STM32CubeIDE_1.19.0/STM32CubeIDE/plugins/com.st.stm32cube.ide.mcu.externaltools.gnu-tools-for-stm32.13.3.rel1.win32_1.0.0.202411081344/tools/bin/../lib/gcc/arm-none-eabi/13.3.1/../../../../arm-none-eabi/lib/thumb/v7e-m+fp/hard\libc_nano.a(libc_a-memcpy-stub.o)
 .debug_frame   0x000022b0       0x2c C:/ST/STM32CubeIDE_1.19.0/STM32CubeIDE/plugins/com.st.stm32cube.ide.mcu.externaltools.gnu-tools-for-stm32.13.3.rel1.win32_1.0.0.202411081344/tools/bin/../lib/gcc/arm-none-eabi/13.3.1/thumb/v7e-m+fp/hard\libgcc.a(_aeabi_uldivmod.o)
 .debug_frame   0x000022dc       0x34 C:/ST/STM32CubeIDE_1.19.0/STM32CubeIDE/plugins/com.st.stm32cube.ide.mcu.externaltools.gnu-tools-for-stm32.13.3.rel1.win32_1.0.0.202411081344/tools/bin/../lib/gcc/arm-none-eabi/13.3.1/thumb/v7e-m+fp/hard\libgcc.a(_udivmoddi4.o)

.debug_line_str
                0x00000000       0x68
 .debug_line_str
                0x00000000       0x68 ./Core/Startup/startup_stm32f407vgtx.o
